hp-check[6764]: info: :
hp-check[6764]: info: :[01mHP Linux Imaging and Printing System (ver. 3.25.8)[0m
hp-check[6764]: info: :[01mDependency/Version Check Utility ver. 15.1[0m
hp-check[6764]: info: :
hp-check[6764]: info: :Copyright (c) 2001-18 HP Development Company, LP
hp-check[6764]: info: :This software comes with ABSOLUTELY NO WARRANTY.
hp-check[6764]: info: :This is free software, and you are welcome to distribute it
hp-check[6764]: info: :under certain conditions. See COPYING file for more details.
hp-check[6764]: info: :
hp-check[6764]: info: :[01mNote: hp-check can be run in three modes:[0m
hp-check[6764]: info: :1. Compile-time check mode (-c or --compile): Use this mode before compiling the HPLIP supplied tarball (.tar.gz or .run) to determine if the proper dependencies are installed to 
hp-check[6764]: info: :successfully compile HPLIP.                                                                                                                                                        
hp-check[6764]: info: :2. Run-time check mode (-r or --run): Use this mode to determine if a distro supplied package (.deb, .rpm, etc) or an already built HPLIP supplied tarball has the proper          
hp-check[6764]: info: :dependencies installed to successfully run.                                                                                                                                        
hp-check[6764]: info: :3. Both compile- and run-time check mode (-b or --both) (Default): This mode will check both of the above cases (both compile- and run-time dependencies).                         
hp-check[6764]: info: :
hp-check[6764]: info: :Check types:                                                                                                                                                                       
hp-check[6764]: info: :a. EXTERNALDEP - External Dependencies                                                                                                                                             
hp-check[6764]: info: :b. GENERALDEP - General Dependencies (required both at compile and run time)                                                                                                       
hp-check[6764]: info: :c. COMPILEDEP - Compile time Dependencies                                                                                                                                          
hp-check[6764]: info: :d. [All are run-time checks]                                                                                                                                                       
hp-check[6764]: info: :PYEXT SCANCONF QUEUES PERMISSION                                                                                                                                                   
hp-check[6764]: info: :
hp-check[6764]: info: :Status Types:
hp-check[6764]: info: :    OK
hp-check[6764]: info: :    MISSING       - Missing Dependency or Permission or Plug-in
hp-check[6764]: info: :    INCOMPAT      - Incompatible dependency-version or Plugin-version
hp-check[6764]: info: :
warning: [01m0-rolling version is not supported. Using 0-0 versions dependencies to verify and install...[0m
hp-check[6764]: info: :
hp-check[6764]: info: :---------------
hp-check[6764]: info: :| SYSTEM INFO |
hp-check[6764]: info: :---------------
hp-check[6764]: info: :
hp-check[6764]: info: : Kernel: 6.18.32_1 #1 SMP PREEMPT_DYNAMIC Sun May 17 17:19:03 UTC 2026 GNU/Linux
 Host: pc
 Proc: 6.18.32_1 #1 SMP PREEMPT_DYNAMIC Sun May 17 17:19:03 UTC 2026 GNU/Linux
 Distribution: 0 rolling
hp-check[6764]: info: : Bitness: 64 bit

hp-check[6764]: info: :
hp-check[6764]: info: :-----------------------
hp-check[6764]: info: :| HPLIP CONFIGURATION |
hp-check[6764]: info: :-----------------------
hp-check[6764]: info: :
hp-check[6764]: info: :HPLIP-Version: HPLIP 3.25.8
hp-check[6764]: info: :HPLIP-Home: /usr/share/hplip
warning: HPLIP-Installation: Auto installation is not supported for 0 distro  rolling version 
hp-check[6764]: info: :
hp-check[6764]: info: :[01mCurrent contents of '/etc/hp/hplip.conf' file:[0m
hp-check[6764]: info: :# hplip.conf.  Generated from hplip.conf.in by configure.

[hplip]
version=3.25.8

[dirs]
home=/usr/share/hplip
run=/var/run
ppd=/usr/share/ppd/HP
ppdbase=/usr/share/ppd
doc=/usr/share/doc/hplip-3.25.8
html=/usr/share/doc/hplip-3.25.8
icon=/usr/share/applications
cupsbackend=/usr/lib/cups/backend
cupsfilter=/usr/lib/cups/filter
drv=/usr/share/cups/drv/hp
bin=/usr/bin
apparmor=/etc/apparmor.d
# Following values are determined at configure time and cannot be changed.
[configure]
network-build=yes
libusb01-build=no
pp-build=yes
gui-build=yes
scanner-build=yes
fax-build=yes
dbus-build=yes
cups11-build=no
doc-build=yes
shadow-build=no
hpijs-install=yes
foomatic-drv-install=yes
foomatic-ppd-install=yes
foomatic-rip-hplip-install=no
hpcups-install=yes
cups-drv-install=yes
cups-ppd-install=yes
internal-tag=3.25.8
restricted-build=no
ui-toolkit=qt5
qt3=no
qt4=no
qt5=yes
policy-kit=no
lite-build=no
udev_sysfs_rules=no
hpcups-only-build=no
hpijs-only-build=no
apparmor_build=no
class-driver=no

hp-check[6764]: info: :
hp-check[6764]: info: :[01mCurrent contents of '/var/lib/hp/hplip.state' file:[0m
hp-check[6764]: info: :Plugins are not installed. Could not access file: No such file or directory
hp-check[6764]: info: :
hp-check[6764]: info: :[01mCurrent contents of '~/.hplip/hplip.conf' file:[0m
hp-check[6764]: info: :[commands]
scan = /usr/bin/xsane -V %SANE_URI%

[fax]
email_address = 
voice_phone = 

[installation]
date_time = 05/24/26 15:58:50
version = 3.25.8

[last_used]
device_uri = "hp:/usb/DeskJet_2300_series?serial=CN1582261X"
printer_name = HP-DeskJet-2300
working_dir = .

[polling]
device_list = 
enable = false
interval = 5

[refresh]
enable = false
rate = 30
type = 1

[settings]
systray_messages = 0
systray_visible = 0

[upgrade]
last_upgraded_time = 1757848498
notify_upgrade = false
pending_upgrade_time = 0


hp-check[6764]: info: : <Package-name>        <Package-Desc>      <Required/Optional> <Min-Version> <Installed-Version> <Status>   <Comment>
hp-check[6764]: info: :
hp-check[6764]: info: :-------------------------
hp-check[6764]: info: :| External Dependencies |
hp-check[6764]: info: :-------------------------
hp-check[6764]: info: :
hp-check[6764]: info: : cups                 CUPS - Common Unix Printing System                           REQUIRED        1.1             2.4.19          OK         'CUPS Scheduler is running'
hp-check[6764]: info: : gs                   GhostScript - PostScript and PDF language interpreter and previewer REQUIRED        7.05            10.06.0         OK         -
hp-check[6764]: info: : xsane                xsane - Graphical scanner frontend for SANE                  OPTIONAL        0.9             0.999           OK         -
hp-check[6764]: info: : scanimage            scanimage - Shell scanning program                           OPTIONAL        1.0             1.3.1           OK         -
hp-check[6764]: info: : dbus                 DBus - Message bus system                                    REQUIRED        -               1.16.2          OK         -
hp-check[6764]: info: : policykit            PolicyKit - Administrative policy framework                  OPTIONAL        -               127             OK         -
hp-check[6764]: info: : network              network -wget                                                OPTIONAL        -               1.25.0          OK         -
hp-check[6764]: info: : avahi-utils          avahi-utils                                                  OPTIONAL        -               0.8             OK         -
hp-check[6764]: info: :
hp-check[6764]: info: :------------------------
hp-check[6764]: info: :| General Dependencies |
hp-check[6764]: info: :------------------------
hp-check[6764]: info: :
hp-check[6764]: info: : libjpeg              libjpeg - JPEG library                                       REQUIRED        -               -               OK         -
hp-check[6764]: info: : cups-devel           CUPS devel- Common Unix Printing System development files    REQUIRED        -               2.4.19          OK         -
hp-check[6764]: info: : cups-image           CUPS image - CUPS image development files                    REQUIRED        -               2.4.19          OK         -
hp-check[6764]: info: : libpthread           libpthread - POSIX threads library                           REQUIRED        -               b'2.41'         OK         -
hp-check[6764]: info: : libusb               libusb - USB library                                         REQUIRED        -               1.0             OK         -
hp-check[6764]: info: : sane                 SANE - Scanning library                                      REQUIRED        -               1.3.1           OK         -
hp-check[6764]: info: : sane-devel           SANE - Scanning library development files                    REQUIRED        -               1.3.1           OK         -
hp-check[6764]: info: : libavahi-dev         libavahi-dev                                                 REQUIRED        -               -               OK         -
hp-check[6764]: info: : libnetsnmp-devel     libnetsnmp-devel - SNMP networking library development files REQUIRED        5.0.9           5.9.1           OK         -
hp-check[6764]: info: : libcrypto            libcrypto - OpenSSL cryptographic library                    REQUIRED        -               3.6.2           OK         -
hp-check[6764]: info: : python3X             Python 2.2 or greater - Python programming language          REQUIRED        2.2             3.14.5          OK         -
hp-check[6764]: info: :[31;01m error: python3-notify2 Python libnotify - Python bindings for the libnotify Desktop notifications OPTIONAL        -               -               MISSING    'python3-notify2 needs to be installed'[0m
hp-check[6764]: info: :[31;01m error: python3-pyqt4-dbus PyQt 4 DBus - DBus Support for PyQt4                         OPTIONAL        4.0             -               MISSING    'python3-pyqt4-dbus needs to be installed'[0m
hp-check[6764]: info: :[31;01m error: python3-pyqt4 PyQt 4- Qt interface for Python (for Qt version 4.x)         REQUIRED        4.0             -               MISSING    'python3-pyqt4 needs to be installed'[0m
hp-check[6764]: info: : python3-dbus         Python DBus - Python bindings for DBus                       REQUIRED        0.80.0          1.3.2           OK         -
hp-check[6764]: info: : python3-xml          Python XML libraries                                         REQUIRED        -               2.8.1           OK         -
hp-check[6764]: info: : python3-devel        Python devel - Python development files                      REQUIRED        2.2             3.14.5          OK         -
hp-check[6764]: info: : python3-pil          PIL - Python Imaging Library (required for commandline scanning with hp-scan) OPTIONAL        -               12.2.0          OK         -
hp-check[6764]: info: : python3-reportlab    Reportlab - PDF library for Python                           OPTIONAL        2.0             4.4.4           OK         -
hp-check[6764]: info: :
hp-check[6764]: info: :--------------
hp-check[6764]: info: :| COMPILEDEP |
hp-check[6764]: info: :--------------
hp-check[6764]: info: :
hp-check[6764]: info: : libtool              libtool - Library building support services                  REQUIRED        -               2.4.7           OK         -
hp-check[6764]: info: : gcc                  gcc - GNU Project C and C++ Compiler                         REQUIRED        -               14.2.1          OK         -
hp-check[6764]: info: : make                 make - GNU make utility to maintain groups of programs       REQUIRED        3.0             4.4.1           OK         -
hp-check[6764]: info: :
hp-check[6764]: info: :---------------------
hp-check[6764]: info: :| Python Extentions |
hp-check[6764]: info: :---------------------
hp-check[6764]: info: :
hp-check[6764]: info: : cupsext              CUPS-Extension                                               REQUIRED        -               3.25.8          OK         -
hp-check[6764]: info: : hpmudext             IO-Extension                                                 REQUIRED        -               3.25.8          OK         -
hp-check[6764]: info: :
hp-check[6764]: info: :----------------------
hp-check[6764]: info: :| Scan Configuration |
hp-check[6764]: info: :----------------------
hp-check[6764]: info: :
hp-check[6764]: info: :'/etc/sane.d/dll.d/hpaio' not found.
hp-check[6764]: info: : hpaio                HPLIP-SANE-Backend                                           REQUIRED        -               3.25.8          OK         'hpaio found in /etc/sane.d/dll.conf'
hp-check[6764]: info: : scanext              Scan-SANE-Extension                                          REQUIRED        -               3.25.8          OK         -
hp-check[6764]: info: :
hp-check[6764]: info: :------------------------------
hp-check[6764]: info: :| DISCOVERED SCANNER DEVICES |
hp-check[6764]: info: :------------------------------
hp-check[6764]: info: :
hp-check[6764]: info: :device `hpaio:/usb/DeskJet_2300_series?serial=CN1582261X' is a Hewlett-Packard DeskJet_2300_series all-in-one

hp-check[6764]: info: :
hp-check[6764]: info: :--------------------------
hp-check[6764]: info: :| DISCOVERED USB DEVICES |
hp-check[6764]: info: :--------------------------
hp-check[6764]: info: :
hp-check[6764]: info: :  Device URI                                     Model                              
hp-check[6764]: info: :  ---------------------------------------------  -----------------------------------
hp-check[6764]: info: :  hp:/usb/DeskJet_2300_series?serial=CN1582261X  HP DeskJet 2300 series             
hp-check[6764]: info: :
hp-check[6764]: info: :---------------------------------
hp-check[6764]: info: :| INSTALLED CUPS PRINTER QUEUES |
hp-check[6764]: info: :---------------------------------
hp-check[6764]: info: :
hp-check[6764]: info: :
hp-check[6764]: info: :[01mDeskJet_2300[0m
hp-check[6764]: info: :[01m------------[0m
hp-check[6764]: info: :Type: Printer
hp-check[6764]: info: :Device URI: hp:/usb/DeskJet_2300_series?serial=CN1582261X
hp-check[6764]: info: :PPD: /etc/cups/ppd/DeskJet_2300.ppd
warning: Failed to read /etc/cups/ppd/DeskJet_2300.ppd ppd file
hp-check[6764]: info: :PPD Description: 
hp-check[6764]: info: :Printer status: printer DeskJet_2300 is idle.  enabled since Sun 24 May 2026 15:55:38 CEST
hp-check[6764]: info: :Communication status: Good
hp-check[6764]: info: :
hp-check[6764]: info: :[01mHP-DeskJet-2300[0m
hp-check[6764]: info: :[01m---------------[0m
hp-check[6764]: info: :Type: Printer
hp-check[6764]: info: :Device URI: hp:/usb/DeskJet_2300_series?serial=CN1582261X
hp-check[6764]: info: :PPD: /etc/cups/ppd/HP-DeskJet-2300.ppd
warning: Failed to read /etc/cups/ppd/HP-DeskJet-2300.ppd ppd file
hp-check[6764]: info: :PPD Description: 
hp-check[6764]: info: :Printer status: printer HP-DeskJet-2300 disabled since Thu 19 Mar 2026 14:47:11 CET -	reason unknown
hp-check[6764]: info: :Communication status: Good
hp-check[6764]: info: :
hp-check[6764]: info: :
hp-check[6764]: info: :--------------
hp-check[6764]: info: :| PERMISSION |
hp-check[6764]: info: :--------------
hp-check[6764]: info: :
hp-check[6764]: info: :USB             DeskJet_2300                   Required        -        -        OK       Node:'/dev/bus/usb/001/004' Mode:'436'
hp-check[6764]: info: :
hp-check[6764]: info: :-----------
hp-check[6764]: info: :| SUMMARY |
hp-check[6764]: info: :-----------
hp-check[6764]: info: :
hp-check[6764]: info: :[01mMissing Required Dependencies[0m
hp-check[6764]: info: :[01m-----------------------------[0m
hp-check[6764]: info: :None
hp-check[6764]: info: :
hp-check[6764]: info: :[01mMissing Optional Dependencies[0m
hp-check[6764]: info: :[01m-----------------------------[0m
hp-check[6764]: info: :None

hp-check[6764]: info: :
hp-check[6764]: info: :Total Errors: 3
hp-check[6764]: info: :Total Warnings: 0
hp-check[6764]: info: :
hp-check[6764]: info: :
hp-check[6764]: info: :Done.
